// Jest Snapshot v1, https://goo.gl/fbAQLP

exports[`Pruebas en CounterApp El componente debe hacer match con el snapshot 1`] = `
<div>
  <h1>
    CounterApp
  </h1>
  <h2>
    10
  </h2>
  <br />
  <button>
    +
  </button>
  <button>
    Reset
  </button>
  <button>
    -
  </button>
</div>
`;
